[2026-09-08 01:56:35] ==================================================================
[2026-09-08 01:56:35] 灰鸦渡 QLoRA 训练启动  |  模式: 全量
[2026-09-08 01:56:35] ==================================================================
[2026-09-08 01:56:35] [环境] torch=2.13.0+cu130 cuda=True alloc_conf=expandable_segments:True
[2026-09-08 01:56:35] [环境] GPU=NVIDIA GeForce RTX 3050 Ti Laptop GPU 物理显存=4.00GB
[2026-09-08 01:56:35] [路径] checkpoint=D:\py_HiuYaDu\finetune\output\ckpt
[2026-09-08 01:56:35] [路径] 最终 adapter=D:\py_HiuYaDu\finetune\output\lora_adapter
[2026-09-08 01:56:35] [参数] epochs=3 max_length=768 eval_ratio=0.02
[2026-09-08 01:56:36] [分词] pad='<|endoftext|>' eos='<|im_end|>' padding_side=right
[2026-09-08 01:56:36] [数据] 读取并编码: D:\py_HiuYaDu\finetune\data\train.jsonl
[2026-09-08 01:56:36] [数据] 已编码 1000 行...
[2026-09-08 01:56:37] [数据] 已编码 2000 行...
[2026-09-08 01:56:38] [数据] 已编码 3000 行...
[2026-09-08 01:56:38] [数据] 已编码 4000 行...
[2026-09-08 01:56:39] [数据] 已编码 5000 行...
[2026-09-08 01:56:39] [数据] 有效 5085 条，跳过 0 条，耗时 3s
[2026-09-08 01:56:39] [数据] 序列长度 min=101 max=564 mean=203
[2026-09-08 01:56:39] [数据] 参与 loss 的 completion token 总数: 174150 (平均 34.2 token/条)
[2026-09-08 01:56:39] [数据] 训练 4984 条，验证 101 条
[2026-09-08 01:56:39] [模型] 加载 4-bit 量化基座: D:\Model
[2026-09-08 01:57:18] [模型] 基座加载完成，耗时 39s
[2026-09-08 01:57:18] [模型] prepare_model_for_kbit_training (含梯度检查点 + input require grads)
[2026-09-08 01:57:26] [模型] LoRA r=16 alpha=32 dropout=0.05 target=all-linear
trainable params: 29,933,568 || all params: 3,115,872,256 || trainable%: 0.9607
[2026-09-08 01:57:26] [校验] 比对 尾部logits loss vs 内置全量 loss（3 条样本）
[2026-09-08 01:57:26] [校验] 模型设备: cuda:0
[2026-09-08 01:58:19] [校验] L=564 completion=175 内置=0.419006 尾部=0.419006 差=0.00e+00
