[2026-09-08 01:05:39] ==================================================================
[2026-09-08 01:05:39] 灰鸦渡 QLoRA 训练启动  |  模式: 冒烟测试 5 步
[2026-09-08 01:05:39] ==================================================================
[2026-09-08 01:05:39] [环境] torch=2.13.0+cu130 cuda=True
[2026-09-08 01:05:39] [环境] GPU=NVIDIA GeForce RTX 3050 Ti Laptop GPU 显存=4.00GB
[2026-09-08 01:05:39] [路径] checkpoint=D:\py_HiuYaDu\finetune/output/_smoke/ckpt
[2026-09-08 01:05:39] [路径] 最终 adapter=D:\py_HiuYaDu\finetune/output/_smoke/adapter
[2026-09-08 01:05:39] [参数] epochs=3 max_length=768 eval_ratio=0.02
[2026-09-08 01:05:40] [分词] pad='<|endoftext|>' eos='<|im_end|>' padding_side=right
[2026-09-08 01:05:40] [数据] 读取并编码: D:\py_HiuYaDu\finetune/data/train.jsonl
[2026-09-08 01:05:40] [数据] 已编码 1000 行...
[2026-09-08 01:05:41] [数据] 已编码 2000 行...
[2026-09-08 01:05:41] [数据] 已编码 3000 行...
[2026-09-08 01:05:42] [数据] 已编码 4000 行...
[2026-09-08 01:05:42] [数据] 已编码 5000 行...
[2026-09-08 01:05:42] [数据] 有效 5085 条，跳过 0 条，耗时 3s
[2026-09-08 01:05:42] [数据] 参与 loss 的 completion token 总数: 174150 (平均 34.2 token/条)
[2026-09-08 01:05:42] [数据] 训练 5085 条，无验证集
[2026-09-08 01:05:42] [冒烟] 截取 80 条样本用于 5 个优化步
[2026-09-08 01:05:42] [模型] 加载 4-bit 量化基座: D:\Model
[2026-09-08 01:05:48] [模型] 基座加载完成，耗时 6s
[2026-09-08 01:05:48] [模型] prepare_model_for_kbit_training (含梯度检查点 + input require grads)
[2026-09-08 01:05:49] [模型] LoRA r=16 alpha=32 dropout=0.05 target=all-linear
[2026-09-08 01:05:49] [参数] 总优化步数 5 (每 epoch 1 步), warmup_steps=1 (由 warmup_ratio=0.05 换算)
[2026-09-08 01:05:49] [训练] 开始 ...
[2026-09-08 01:06:47] [进度] step 1/5 (20.0%) loss=1.7601 lr=0.00e+00 57.92s/step 已用 0.02h 预计剩余 0.06h 显存峰值 6.15GB
[2026-09-08 01:11:20] [训练] 完成，总耗时 0.09 小时
[2026-09-08 01:11:20] [产物] 保存 LoRA adapter 到 D:\py_HiuYaDu\finetune/output/_smoke/adapter
[2026-09-08 01:11:21] ------------------------------------------------------------------
[2026-09-08 01:11:21] [结果] 首个 loss=1.7601 → 末个 loss=1.7601
[2026-09-08 01:11:21] [结果] adapter: D:\py_HiuYaDu\finetune/output/_smoke/adapter
[2026-09-08 01:11:21] [下一步] 运行 python finetune/scripts/merge_lora.py 合并为 Safetensors（步骤 5/6）
[2026-09-08 01:19:51] ==================================================================
[2026-09-08 01:19:51] 灰鸦渡 QLoRA 训练启动  |  模式: 冒烟测试 5 步
[2026-09-08 01:19:51] ==================================================================
[2026-09-08 01:19:51] [环境] torch=2.13.0+cu130 cuda=True alloc_conf=expandable_segments:True
[2026-09-08 01:19:51] [环境] GPU=NVIDIA GeForce RTX 3050 Ti Laptop GPU 物理显存=4.00GB
[2026-09-08 01:19:51] [路径] checkpoint=D:\py_HiuYaDu\finetune\output\_smoke\ckpt
[2026-09-08 01:19:51] [路径] 最终 adapter=D:\py_HiuYaDu\finetune\output\_smoke\adapter
[2026-09-08 01:19:51] [参数] epochs=3 max_length=768 eval_ratio=0.02
[2026-09-08 01:19:52] [分词] pad='<|endoftext|>' eos='<|im_end|>' padding_side=right
[2026-09-08 01:19:52] [数据] 读取并编码: D:\py_HiuYaDu\finetune\data\train.jsonl
[2026-09-08 01:19:52] [数据] 已编码 1000 行...
[2026-09-08 01:19:53] [数据] 已编码 2000 行...
[2026-09-08 01:19:53] [数据] 已编码 3000 行...
[2026-09-08 01:19:54] [数据] 已编码 4000 行...
[2026-09-08 01:19:54] [数据] 已编码 5000 行...
[2026-09-08 01:19:54] [数据] 有效 5085 条，跳过 0 条，耗时 3s
[2026-09-08 01:19:54] [数据] 序列长度 min=101 max=564 mean=203
[2026-09-08 01:19:54] [数据] 参与 loss 的 completion token 总数: 174150 (平均 34.2 token/条)
[2026-09-08 01:19:54] [数据] 训练 5085 条，无验证集
[2026-09-08 01:19:54] [冒烟] 截取 80 条样本用于 5 个优化步
[2026-09-08 01:19:54] [模型] 加载 4-bit 量化基座: D:\Model
[2026-09-08 01:20:00] [模型] 基座加载完成，耗时 6s
[2026-09-08 01:20:00] [模型] prepare_model_for_kbit_training (含梯度检查点 + input require grads)
[2026-09-08 01:20:01] [模型] LoRA r=16 alpha=32 dropout=0.05 target=all-linear
[2026-09-08 01:20:01] [校验] 比对 尾部logits loss vs 内置全量 loss（3 条样本）
[2026-09-08 01:21:43] ==================================================================
[2026-09-08 01:21:43] 灰鸦渡 QLoRA 训练启动  |  模式: 冒烟测试 5 步
[2026-09-08 01:21:43] ==================================================================
[2026-09-08 01:21:43] [环境] torch=2.13.0+cu130 cuda=True alloc_conf=expandable_segments:True
[2026-09-08 01:21:43] [环境] GPU=NVIDIA GeForce RTX 3050 Ti Laptop GPU 物理显存=4.00GB
[2026-09-08 01:21:43] [路径] checkpoint=D:\py_HiuYaDu\finetune\output\_smoke\ckpt
[2026-09-08 01:21:43] [路径] 最终 adapter=D:\py_HiuYaDu\finetune\output\_smoke\adapter
[2026-09-08 01:21:43] [参数] epochs=3 max_length=768 eval_ratio=0.02
[2026-09-08 01:21:43] [分词] pad='<|endoftext|>' eos='<|im_end|>' padding_side=right
[2026-09-08 01:21:43] [数据] 读取并编码: D:\py_HiuYaDu\finetune\data\train.jsonl
[2026-09-08 01:21:44] [数据] 已编码 1000 行...
[2026-09-08 01:21:44] [数据] 已编码 2000 行...
[2026-09-08 01:21:45] [数据] 已编码 3000 行...
[2026-09-08 01:21:45] [数据] 已编码 4000 行...
[2026-09-08 01:21:46] [数据] 已编码 5000 行...
[2026-09-08 01:21:46] [数据] 有效 5085 条，跳过 0 条，耗时 3s
[2026-09-08 01:21:46] [数据] 序列长度 min=101 max=564 mean=203
[2026-09-08 01:21:46] [数据] 参与 loss 的 completion token 总数: 174150 (平均 34.2 token/条)
[2026-09-08 01:21:46] [数据] 训练 5085 条，无验证集
[2026-09-08 01:21:46] [冒烟] 截取 80 条样本用于 5 个优化步
[2026-09-08 01:21:46] [模型] 加载 4-bit 量化基座: D:\Model
[2026-09-08 01:21:52] [模型] 基座加载完成，耗时 6s
[2026-09-08 01:21:52] [模型] prepare_model_for_kbit_training (含梯度检查点 + input require grads)
[2026-09-08 01:21:53] [模型] LoRA r=16 alpha=32 dropout=0.05 target=all-linear
[2026-09-08 01:21:53] [校验] 比对 尾部logits loss vs 内置全量 loss（3 条样本）
[2026-09-08 01:21:53] [校验] 模型设备: cuda:0
[2026-09-08 01:21:54] [校验] L=564 completion=175 内置=0.419006 尾部=0.419006 差=0.00e+00
[2026-09-08 01:21:56] [校验] L=563 completion=175 内置=0.419146 尾部=0.419146 差=0.00e+00
[2026-09-08 01:21:56] [校验] L=139 completion=28 内置=3.494986 尾部=3.494986 差=0.00e+00
[2026-09-08 01:21:56] [校验] 最大偏差 0.00e+00 → 一致，掩码正确
[2026-09-08 01:21:56] [参数] batch=1 x accum=16 (等效 16) | 总优化步数 5 (每 epoch 5 步) | warmup_steps=1 (由 warmup_ratio=0.05 换算)
[2026-09-08 01:21:56] [预估] 按当前配置需完成 5 个优化步；冒烟模式下可直接读出 s/step 以推算总时长
[2026-09-08 01:21:56] [训练] 开始 ...
[2026-09-08 01:23:12] [进度] step 1/5 (20.0%) loss=1.7601 lr=0.00e+00 76.10s/step 已用 0.02h 预计剩余 0.08h 显存峰值 4.05GB  ⚠ 超出物理显存
[2026-09-08 01:24:23] [进度] step 2/5 (40.0%) loss=1.9636 lr=2.00e-04 73.41s/step 已用 0.04h 预计剩余 0.06h 显存峰值 4.11GB  ⚠ 超出物理显存
[2026-09-08 01:25:36] [进度] step 3/5 (60.0%) loss=1.3068 lr=1.71e-04 73.34s/step 已用 0.06h 预计剩余 0.04h 显存峰值 4.11GB  ⚠ 超出物理显存
[2026-09-08 01:27:00] [进度] step 4/5 (80.0%) loss=1.2929 lr=1.00e-04 75.93s/step 已用 0.08h 预计剩余 0.02h 显存峰值 4.11GB  ⚠ 超出物理显存
[2026-09-08 01:27:56] [进度] step 5/5 (100.0%) loss=1.5150 lr=2.93e-05 71.97s/step 已用 0.10h 预计剩余 0.00h 显存峰值 4.11GB  ⚠ 超出物理显存
[2026-09-08 01:27:56] [训练] 完成，总耗时 0.10 小时
[2026-09-08 01:27:56] [产物] 保存 LoRA adapter 到 D:\py_HiuYaDu\finetune\output\_smoke\adapter
[2026-09-08 01:27:56] ------------------------------------------------------------------
[2026-09-08 01:27:56] [结果] 首个 loss=1.7601 → 末个 loss=1.5150
[2026-09-08 01:27:56] [结果] 显存峰值 4.11GB
[2026-09-08 01:27:56] [结果] adapter: D:\py_HiuYaDu\finetune\output\_smoke\adapter
[2026-09-08 01:27:56] [下一步] 运行 python finetune/scripts/merge_lora.py 合并为 Safetensors（步骤 5/6）
