[2026-09-08 01:19:08] ==================================================================
[2026-09-08 01:19:08] 灰鸦渡 QLoRA 训练启动  |  模式: 全量
[2026-09-08 01:19:08] ==================================================================
[2026-09-08 01:19:08] [环境] torch=2.13.0+cu130 cuda=True alloc_conf=expandable_segments:True
[2026-09-08 01:19:08] [环境] GPU=NVIDIA GeForce RTX 3050 Ti Laptop GPU 物理显存=4.00GB
[2026-09-08 01:19:08] [路径] checkpoint=D:\py_HiuYaDu\finetune\output\ckpt
[2026-09-08 01:19:08] [路径] 最终 adapter=D:\py_HiuYaDu\finetune\output\lora_adapter
[2026-09-08 01:19:08] [参数] epochs=3 max_length=768 eval_ratio=0.02
[2026-09-08 01:19:08] [分词] pad='<|endoftext|>' eos='<|im_end|>' padding_side=right
[2026-09-08 01:19:08] [数据] 读取并编码: D:\py_HiuYaDu\finetune\data\train.jsonl
[2026-09-08 01:19:09] [数据] 已编码 1000 行...
[2026-09-08 01:19:09] [数据] 已编码 2000 行...
[2026-09-08 01:19:10] [数据] 已编码 3000 行...
[2026-09-08 01:19:10] [数据] 已编码 4000 行...
[2026-09-08 01:19:11] [数据] 已编码 5000 行...
[2026-09-08 01:19:11] [数据] 有效 5085 条，跳过 0 条，耗时 3s
[2026-09-08 01:19:11] [数据] 序列长度 min=101 max=564 mean=203
[2026-09-08 01:19:11] [数据] 参与 loss 的 completion token 总数: 174150 (平均 34.2 token/条)
[2026-09-08 01:19:11] [数据] 训练 4984 条，验证 101 条
[2026-09-08 01:19:11] [模型] 加载 4-bit 量化基座: D:\Model
[2026-09-08 01:19:18] [模型] 基座加载完成，耗时 7s
[2026-09-08 01:19:18] [模型] prepare_model_for_kbit_training (含梯度检查点 + input require grads)
[2026-09-08 01:19:20] [模型] LoRA r=16 alpha=32 dropout=0.05 target=all-linear
[2026-09-08 01:19:20] [校验] 比对 尾部logits loss vs 内置全量 loss（3 条样本）
[2026-09-08 01:54:09] ==================================================================
[2026-09-08 01:54:09] 灰鸦渡 QLoRA 训练启动  |  模式: 全量
[2026-09-08 01:54:09] ==================================================================
[2026-09-08 01:54:09] [环境] torch=2.13.0+cu130 cuda=True alloc_conf=expandable_segments:True
[2026-09-08 01:54:09] [环境] GPU=NVIDIA GeForce RTX 3050 Ti Laptop GPU 物理显存=4.00GB
[2026-09-08 01:54:09] [路径] checkpoint=D:\py_HiuYaDu\finetune\output\ckpt
[2026-09-08 01:54:09] [路径] 最终 adapter=D:\py_HiuYaDu\finetune\output\lora_adapter
[2026-09-08 01:54:09] [参数] epochs=3 max_length=768 eval_ratio=0.02
[2026-09-08 01:54:10] [分词] pad='<|endoftext|>' eos='<|im_end|>' padding_side=right
[2026-09-08 01:54:10] [数据] 读取并编码: D:\py_HiuYaDu\finetune\data\train.jsonl
[2026-09-08 01:54:10] [数据] 已编码 1000 行...
[2026-09-08 01:54:11] [数据] 已编码 2000 行...
[2026-09-08 01:54:11] [数据] 已编码 3000 行...
[2026-09-08 01:54:12] [数据] 已编码 4000 行...
[2026-09-08 01:54:12] [数据] 已编码 5000 行...
[2026-09-08 01:54:12] [数据] 有效 5085 条，跳过 0 条，耗时 3s
[2026-09-08 01:54:12] [数据] 序列长度 min=101 max=564 mean=203
[2026-09-08 01:54:12] [数据] 参与 loss 的 completion token 总数: 174150 (平均 34.2 token/条)
[2026-09-08 01:54:12] [数据] 训练 4984 条，验证 101 条
[2026-09-08 01:54:12] [模型] 加载 4-bit 量化基座: D:\Model
[2026-09-08 01:54:20] [模型] 基座加载完成，耗时 8s
[2026-09-08 01:54:20] [模型] prepare_model_for_kbit_training (含梯度检查点 + input require grads)
[2026-09-08 01:54:21] [模型] LoRA r=16 alpha=32 dropout=0.05 target=all-linear
[2026-09-08 01:54:21] [校验] 比对 尾部logits loss vs 内置全量 loss（3 条样本）
[2026-09-08 01:54:21] [校验] 模型设备: cuda:0
[2026-09-08 01:54:23] [校验] L=564 completion=175 内置=0.419006 尾部=0.419006 差=0.00e+00
[2026-09-08 01:54:24] [校验] L=563 completion=175 内置=0.419146 尾部=0.419146 差=0.00e+00
[2026-09-08 01:54:25] [校验] L=139 completion=28 内置=3.494986 尾部=3.494986 差=0.00e+00
[2026-09-08 01:54:25] [校验] 最大偏差 0.00e+00 → 一致，掩码正确
[2026-09-08 01:54:25] [参数] batch=1 x accum=16 (等效 16) | 总优化步数 936 (每 epoch 312 步) | warmup_steps=47 (由 warmup_ratio=0.05 换算)
[2026-09-08 01:54:25] [参数] 按步存档：每 100 步一次，全程约 9 个回滚点，全部保留（单个约 130MB，共约 1.1GB 磁盘）
[2026-09-08 01:54:25] [预估] 按当前配置需完成 936 个优化步；冒烟模式下可直接读出 s/step 以推算总时长
[2026-09-08 01:54:25] [训练] 开始 ...
[2026-09-08 01:54:44] [进度] step 1/936 (0.1%) loss=2.1340 lr=0.00e+00 19.23s/step 已用 0.01h 预计剩余 4.99h 显存峰值 4.09GB  ⚠ 超出物理显存
[2026-09-08 01:56:35] ==================================================================
[2026-09-08 01:56:35] 灰鸦渡 QLoRA 训练启动  |  模式: 全量
[2026-09-08 01:56:35] ==================================================================
[2026-09-08 01:56:35] [环境] torch=2.13.0+cu130 cuda=True alloc_conf=expandable_segments:True
[2026-09-08 01:56:35] [环境] GPU=NVIDIA GeForce RTX 3050 Ti Laptop GPU 物理显存=4.00GB
[2026-09-08 01:56:35] [路径] checkpoint=D:\py_HiuYaDu\finetune\output\ckpt
[2026-09-08 01:56:35] [路径] 最终 adapter=D:\py_HiuYaDu\finetune\output\lora_adapter
[2026-09-08 01:56:35] [参数] epochs=3 max_length=768 eval_ratio=0.02
[2026-09-08 01:56:36] [分词] pad='<|endoftext|>' eos='<|im_end|>' padding_side=right
[2026-09-08 01:56:36] [数据] 读取并编码: D:\py_HiuYaDu\finetune\data\train.jsonl
[2026-09-08 01:56:36] [数据] 已编码 1000 行...
[2026-09-08 01:56:37] [数据] 已编码 2000 行...
[2026-09-08 01:56:38] [数据] 已编码 3000 行...
[2026-09-08 01:56:38] [数据] 已编码 4000 行...
[2026-09-08 01:56:39] [数据] 已编码 5000 行...
[2026-09-08 01:56:39] [数据] 有效 5085 条，跳过 0 条，耗时 3s
[2026-09-08 01:56:39] [数据] 序列长度 min=101 max=564 mean=203
[2026-09-08 01:56:39] [数据] 参与 loss 的 completion token 总数: 174150 (平均 34.2 token/条)
[2026-09-08 01:56:39] [数据] 训练 4984 条，验证 101 条
[2026-09-08 01:56:39] [模型] 加载 4-bit 量化基座: D:\Model
[2026-09-08 01:57:18] [模型] 基座加载完成，耗时 39s
[2026-09-08 01:57:18] [模型] prepare_model_for_kbit_training (含梯度检查点 + input require grads)
[2026-09-08 01:57:26] [模型] LoRA r=16 alpha=32 dropout=0.05 target=all-linear
[2026-09-08 01:57:26] [校验] 比对 尾部logits loss vs 内置全量 loss（3 条样本）
[2026-09-08 01:57:26] [校验] 模型设备: cuda:0
[2026-09-08 01:58:19] [校验] L=564 completion=175 内置=0.419006 尾部=0.419006 差=0.00e+00
[2026-09-08 01:59:32] ==================================================================
[2026-09-08 01:59:32] 灰鸦渡 QLoRA 训练启动  |  模式: 全量
[2026-09-08 01:59:32] ==================================================================
[2026-09-08 01:59:32] [环境] torch=2.13.0+cu130 cuda=True alloc_conf=expandable_segments:True
[2026-09-08 01:59:32] [环境] GPU=NVIDIA GeForce RTX 3050 Ti Laptop GPU 物理显存=4.00GB
[2026-09-08 01:59:32] [路径] checkpoint=D:\py_HiuYaDu\finetune\output\ckpt
[2026-09-08 01:59:32] [路径] 最终 adapter=D:\py_HiuYaDu\finetune\output\lora_adapter
[2026-09-08 01:59:32] [参数] epochs=3 max_length=768 eval_ratio=0.02
[2026-09-08 01:59:32] [分词] pad='<|endoftext|>' eos='<|im_end|>' padding_side=right
[2026-09-08 01:59:32] [数据] 读取并编码: D:\py_HiuYaDu\finetune\data\train.jsonl
[2026-09-08 01:59:33] [数据] 已编码 1000 行...
[2026-09-08 01:59:34] [数据] 已编码 2000 行...
[2026-09-08 01:59:35] [数据] 已编码 3000 行...
[2026-09-08 01:59:36] [数据] 已编码 4000 行...
[2026-09-08 01:59:37] [数据] 已编码 5000 行...
[2026-09-08 01:59:37] [数据] 有效 5085 条，跳过 0 条，耗时 4s
[2026-09-08 01:59:37] [数据] 序列长度 min=101 max=564 mean=203
[2026-09-08 01:59:37] [数据] 参与 loss 的 completion token 总数: 174150 (平均 34.2 token/条)
[2026-09-08 01:59:37] [数据] 训练 4984 条，验证 101 条
[2026-09-08 01:59:37] [模型] 加载 4-bit 量化基座: D:\Model
[2026-09-08 01:59:44] [模型] 基座加载完成，耗时 8s
[2026-09-08 01:59:44] [模型] prepare_model_for_kbit_training (含梯度检查点 + input require grads)
[2026-09-08 01:59:45] [模型] LoRA r=16 alpha=32 dropout=0.05 target=all-linear
[2026-09-08 01:59:45] [校验] 比对 尾部logits loss vs 内置全量 loss（3 条样本）
[2026-09-08 01:59:45] [校验] 模型设备: cuda:0
[2026-09-08 01:59:47] [校验] L=564 completion=175 内置=0.419006 尾部=0.419006 差=0.00e+00
[2026-09-08 01:59:48] [校验] L=563 completion=175 内置=0.419146 尾部=0.419146 差=0.00e+00
[2026-09-08 01:59:49] [校验] L=139 completion=28 内置=3.494986 尾部=3.494986 差=0.00e+00
[2026-09-08 01:59:49] [校验] 最大偏差 0.00e+00 → 一致，掩码正确
[2026-09-08 01:59:49] [参数] batch=1 x accum=16 (等效 16) | 总优化步数 936 (每 epoch 312 步) | warmup_steps=47 (由 warmup_ratio=0.05 换算)
[2026-09-08 01:59:49] [参数] 按步存档：每 100 步一次，全程约 9 个回滚点，全部保留（单个约 130MB，共约 1.1GB 磁盘）
[2026-09-08 01:59:49] [预估] 按当前配置需完成 936 个优化步；冒烟模式下可直接读出 s/step 以推算总时长
[2026-09-08 01:59:49] [训练] 开始 ...
[2026-09-08 02:00:06] [进度] step 1/936 (0.1%) loss=2.1340 lr=0.00e+00 17.40s/step 已用 0.00h 预计剩余 4.52h 显存峰值 4.09GB  ⚠ 超出物理显存
[2026-09-08 02:03:54] [进度] step 10/936 (1.1%) loss=1.8719 lr=3.83e-05 24.48s/step 已用 0.07h 预计剩余 6.30h 显存峰值 4.15GB  ⚠ 超出物理显存
[2026-09-08 02:08:35] [进度] step 20/936 (2.1%) loss=1.1425 lr=8.09e-05 26.30s/step 已用 0.15h 预计剩余 6.69h 显存峰值 4.15GB  ⚠ 超出物理显存
[2026-09-08 02:13:13] [进度] step 30/936 (3.2%) loss=0.7997 lr=1.23e-04 26.81s/step 已用 0.22h 预计剩余 6.75h 显存峰值 4.15GB  ⚠ 超出物理显存
[2026-09-08 02:17:43] [进度] step 40/936 (4.3%) loss=0.7294 lr=1.66e-04 26.85s/step 已用 0.30h 预计剩余 6.68h 显存峰值 4.15GB  ⚠ 超出物理显存
[2026-09-08 02:21:55] [进度] step 50/936 (5.3%) loss=0.5570 lr=2.00e-04 26.51s/step 已用 0.37h 预计剩余 6.53h 显存峰值 4.15GB  ⚠ 超出物理显存
[2026-09-08 02:26:23] [进度] step 60/936 (6.4%) loss=0.3725 lr=2.00e-04 26.56s/step 已用 0.44h 预计剩余 6.46h 显存峰值 4.15GB  ⚠ 超出物理显存
[2026-09-08 02:30:55] [进度] step 70/936 (7.5%) loss=0.2760 lr=2.00e-04 26.65s/step 已用 0.52h 预计剩余 6.41h 显存峰值 4.15GB  ⚠ 超出物理显存
[2026-09-08 02:35:24] [进度] step 80/936 (8.5%) loss=0.2778 lr=1.99e-04 26.69s/step 已用 0.59h 预计剩余 6.35h 显存峰值 4.15GB  ⚠ 超出物理显存
[2026-09-08 03:54:08] ==================================================================
[2026-09-08 03:54:08] 灰鸦渡 QLoRA 训练启动  |  模式: 全量
[2026-09-08 03:54:08] ==================================================================
[2026-09-08 03:54:08] [环境] torch=2.13.0+cu130 cuda=True alloc_conf=expandable_segments:True
[2026-09-08 03:54:08] [环境] GPU=NVIDIA GeForce RTX 3050 Ti Laptop GPU 物理显存=4.00GB
[2026-09-08 03:54:08] [路径] checkpoint=D:\py_HiuYaDu\finetune\output\ckpt
[2026-09-08 03:54:08] [路径] 最终 adapter=D:\py_HiuYaDu\finetune\output\lora_adapter
[2026-09-08 03:54:08] [参数] epochs=3 max_length=768 eval_ratio=0.02
[2026-09-08 03:54:09] [分词] pad='<|endoftext|>' eos='<|im_end|>' padding_side=right
[2026-09-08 03:54:09] [数据] 读取并编码: D:\py_HiuYaDu\finetune\data\train.jsonl
[2026-09-08 03:54:09] [数据] 已编码 1000 行...
[2026-09-08 03:54:09] [数据] 已编码 2000 行...
[2026-09-08 03:54:10] [数据] 已编码 3000 行...
[2026-09-08 03:54:10] [数据] 已编码 4000 行...
[2026-09-08 03:54:11] [数据] 已编码 5000 行...
[2026-09-08 03:54:11] [数据] 已编码 6000 行...
[2026-09-08 03:54:11] [数据] 有效 6224 条，跳过 0 条，耗时 3s
[2026-09-08 03:54:11] [数据] 序列长度 min=101 max=652 mean=180
[2026-09-08 03:54:11] [数据] 参与 loss 的 completion token 总数: 165165 (平均 26.5 token/条)
[2026-09-08 03:54:11] [数据] 训练 6100 条，验证 124 条
[2026-09-08 03:54:11] [模型] 加载 4-bit 量化基座: D:\Model
[2026-09-08 03:54:17] [模型] 基座加载完成，耗时 6s
[2026-09-08 03:54:17] [模型] prepare_model_for_kbit_training (含梯度检查点 + input require grads)
[2026-09-08 03:54:18] [模型] LoRA r=16 alpha=32 dropout=0.05 target=all-linear
[2026-09-08 03:54:18] [校验] 比对 尾部logits loss vs 内置全量 loss（3 条样本）
[2026-09-08 03:54:18] [校验] 模型设备: cuda:0
[2026-09-08 03:54:20] [校验] L=652 completion=273 内置=0.556631 尾部=0.556631 差=0.00e+00
[2026-09-08 03:54:22] [校验] L=650 completion=275 内置=0.559071 尾部=0.559071 差=0.00e+00
[2026-09-08 03:54:22] [校验] L=199 completion=12 内置=4.986650 尾部=4.986653 差=2.86e-06
[2026-09-08 03:54:22] [校验] 最大偏差 2.86e-06 → 一致，掩码正确
[2026-09-08 03:54:22] [参数] batch=1 x accum=16 (等效 16) | 总优化步数 1146 (每 epoch 382 步) | warmup_steps=58 (由 warmup_ratio=0.05 换算)
[2026-09-08 03:54:22] [预估] 按当前配置需完成 1146 个优化步；冒烟模式下可直接读出 s/step 以推算总时长
[2026-09-08 03:54:22] [训练] 开始 ...
[2026-09-08 03:55:47] [进度] step 1/1146 (0.1%) loss=2.5121 lr=0.00e+00 84.91s/step 已用 0.02h 预计剩余 27.00h 显存峰值 4.05GB  ⚠ 超出物理显存
[2026-09-08 04:08:47] [进度] step 10/1146 (0.9%) loss=2.1203 lr=3.10e-05 86.45s/step 已用 0.24h 预计剩余 27.28h 显存峰值 4.11GB  ⚠ 超出物理显存
[2026-09-08 04:18:43] [进度] step 20/1146 (1.7%) loss=1.4093 lr=6.55e-05 73.06s/step 已用 0.41h 预计剩余 22.85h 显存峰值 4.11GB  ⚠ 超出物理显存
[2026-09-08 04:27:05] [进度] step 30/1146 (2.6%) loss=1.4620 lr=1.00e-04 65.44s/step 已用 0.55h 预计剩余 20.29h 显存峰值 4.11GB  ⚠ 超出物理显存
[2026-09-08 04:35:00] [进度] step 40/1146 (3.5%) loss=1.2173 lr=1.34e-04 60.95s/step 已用 0.68h 预计剩余 18.72h 显存峰值 4.11GB  ⚠ 超出物理显存
[2026-09-08 04:43:01] [进度] step 50/1146 (4.4%) loss=0.9148 lr=1.69e-04 58.38s/step 已用 0.81h 预计剩余 17.77h 显存峰值 4.11GB  ⚠ 超出物理显存
[2026-09-08 04:50:53] [进度] step 60/1146 (5.2%) loss=0.5352 lr=2.00e-04 56.51s/step 已用 0.94h 预计剩余 17.05h 显存峰值 4.11GB  ⚠ 超出物理显存
[2026-09-08 04:59:06] [进度] step 70/1146 (6.1%) loss=0.5728 lr=2.00e-04 55.48s/step 已用 1.08h 预计剩余 16.58h 显存峰值 4.26GB  ⚠ 超出物理显存
[2026-09-08 05:07:20] [进度] step 80/1146 (7.0%) loss=0.4925 lr=2.00e-04 54.72s/step 已用 1.22h 预计剩余 16.20h 显存峰值 4.26GB  ⚠ 超出物理显存
[2026-09-08 05:13:17] ==================================================================
[2026-09-08 05:13:17] 灰鸦渡 QLoRA 训练启动  |  模式: 全量
[2026-09-08 05:13:17] ==================================================================
[2026-09-08 05:13:17] [环境] torch=2.13.0+cu130 cuda=True alloc_conf=expandable_segments:True
[2026-09-08 05:13:17] [环境] GPU=NVIDIA GeForce RTX 3050 Ti Laptop GPU 物理显存=4.00GB
[2026-09-08 05:13:17] [路径] checkpoint=D:\py_HiuYaDu\finetune\output\ckpt
[2026-09-08 05:13:17] [路径] 最终 adapter=D:\py_HiuYaDu\finetune\output\lora_adapter
[2026-09-08 05:13:17] [参数] epochs=3 max_length=768 eval_ratio=0.02
[2026-09-08 05:13:17] [分词] pad='<|endoftext|>' eos='<|im_end|>' padding_side=right
[2026-09-08 05:13:17] [数据] 读取并编码: D:\py_HiuYaDu\finetune\data\train.jsonl
[2026-09-08 05:13:18] [数据] 已编码 1000 行...
[2026-09-08 05:13:18] [数据] 已编码 2000 行...
[2026-09-08 05:13:19] [数据] 已编码 3000 行...
[2026-09-08 05:13:19] [数据] 已编码 4000 行...
[2026-09-08 05:13:20] [数据] 已编码 5000 行...
[2026-09-08 05:13:20] [数据] 已编码 6000 行...
[2026-09-08 05:13:20] [数据] 有效 6224 条，跳过 0 条，耗时 3s
[2026-09-08 05:13:20] [数据] 序列长度 min=101 max=652 mean=180
[2026-09-08 05:13:20] [数据] 参与 loss 的 completion token 总数: 165165 (平均 26.5 token/条)
[2026-09-08 05:13:20] [数据] 训练 6100 条，验证 124 条
[2026-09-08 05:13:20] [模型] 加载 4-bit 量化基座: D:\Model
[2026-09-08 05:13:27] [模型] 基座加载完成，耗时 6s
[2026-09-08 05:13:27] [模型] prepare_model_for_kbit_training (含梯度检查点 + input require grads)
[2026-09-08 05:13:27] [模型] LoRA r=16 alpha=32 dropout=0.05 target=all-linear
[2026-09-08 05:13:27] [校验] 比对 尾部logits loss vs 内置全量 loss（3 条样本）
[2026-09-08 05:13:27] [校验] 模型设备: cuda:0
[2026-09-08 05:13:30] [校验] L=652 completion=273 内置=0.556631 尾部=0.556631 差=0.00e+00
[2026-09-08 05:13:31] [校验] L=650 completion=275 内置=0.559071 尾部=0.559071 差=0.00e+00
[2026-09-08 05:13:32] [校验] L=199 completion=12 内置=4.986650 尾部=4.986653 差=2.86e-06
[2026-09-08 05:13:32] [校验] 最大偏差 2.86e-06 → 一致，掩码正确
[2026-09-08 05:13:32] [参数] batch=1 x accum=16 (等效 16) | 总优化步数 1146 (每 epoch 382 步) | warmup_steps=58 (由 warmup_ratio=0.05 换算)
[2026-09-08 05:13:32] [参数] 按步存档：每 100 步一次，全程约 11 个回滚点，全部保留（单个约 130MB，共约 1.4GB 磁盘）
[2026-09-08 05:13:32] [预估] 按当前配置需完成 1146 个优化步；冒烟模式下可直接读出 s/step 以推算总时长
[2026-09-08 05:13:32] [训练] 开始 ...
[2026-09-08 05:14:28] [进度] step 1/1146 (0.1%) loss=2.5121 lr=0.00e+00 56.02s/step 已用 0.02h 预计剩余 17.82h 显存峰值 4.05GB  ⚠ 超出物理显存
[2026-09-08 05:21:07] [进度] step 10/1146 (0.9%) loss=2.1173 lr=3.10e-05 45.53s/step 已用 0.13h 预计剩余 14.37h 显存峰值 4.11GB  ⚠ 超出物理显存
[2026-09-08 05:28:53] [进度] step 20/1146 (1.7%) loss=1.4057 lr=6.55e-05 46.07s/step 已用 0.26h 预计剩余 14.41h 显存峰值 4.11GB  ⚠ 超出物理显存
[2026-09-08 05:36:44] [进度] step 30/1146 (2.6%) loss=1.4627 lr=1.00e-04 46.41s/step 已用 0.39h 预计剩余 14.39h 显存峰值 4.11GB  ⚠ 超出物理显存
[2026-09-08 05:44:11] [进度] step 40/1146 (3.5%) loss=1.2188 lr=1.34e-04 45.98s/step 已用 0.51h 预计剩余 14.13h 显存峰值 4.11GB  ⚠ 超出物理显存
[2026-09-08 05:51:55] [进度] step 50/1146 (4.4%) loss=0.9190 lr=1.69e-04 46.06s/step 已用 0.64h 预计剩余 14.02h 显存峰值 4.11GB  ⚠ 超出物理显存
[2026-09-08 05:59:27] [进度] step 60/1146 (5.2%) loss=0.5449 lr=2.00e-04 45.92s/step 已用 0.77h 预计剩余 13.85h 显存峰值 4.11GB  ⚠ 超出物理显存
[2026-09-08 06:07:33] [进度] step 70/1146 (6.1%) loss=0.5826 lr=2.00e-04 46.31s/step 已用 0.90h 预计剩余 13.84h 显存峰值 4.26GB  ⚠ 超出物理显存
[2026-09-08 06:15:32] [进度] step 80/1146 (7.0%) loss=0.4936 lr=2.00e-04 46.51s/step 已用 1.03h 预计剩余 13.77h 显存峰值 4.26GB  ⚠ 超出物理显存
[2026-09-08 06:23:31] [进度] step 90/1146 (7.9%) loss=0.3625 lr=2.00e-04 46.66s/step 已用 1.17h 预计剩余 13.69h 显存峰值 4.26GB  ⚠ 超出物理显存
[2026-09-08 06:31:12] [进度] step 100/1146 (8.7%) loss=0.2556 lr=1.99e-04 46.60s/step 已用 1.29h 预计剩余 13.54h 显存峰值 4.26GB  ⚠ 超出物理显存
[2026-09-08 06:39:12] [进度] step 110/1146 (9.6%) loss=0.3135 lr=1.99e-04 46.73s/step 已用 1.43h 预计剩余 13.45h 显存峰值 4.26GB  ⚠ 超出物理显存
[2026-09-08 06:46:41] [进度] step 120/1146 (10.5%) loss=0.2444 lr=1.98e-04 46.58s/step 已用 1.55h 预计剩余 13.27h 显存峰值 4.26GB  ⚠ 超出物理显存
[2026-09-08 06:54:30] [进度] step 130/1146 (11.3%) loss=0.2584 lr=1.98e-04 46.60s/step 已用 1.68h 预计剩余 13.15h 显存峰值 4.26GB  ⚠ 超出物理显存
[2026-09-08 07:02:15] [进度] step 140/1146 (12.2%) loss=0.2189 lr=1.97e-04 46.59s/step 已用 1.81h 预计剩余 13.02h 显存峰值 4.26GB  ⚠ 超出物理显存
[2026-09-08 07:10:24] [进度] step 150/1146 (13.1%) loss=0.2238 lr=1.97e-04 46.75s/step 已用 1.95h 预计剩余 12.93h 显存峰值 4.26GB  ⚠ 超出物理显存
[2026-09-08 07:18:21] [进度] step 160/1146 (14.0%) loss=0.1852 lr=1.96e-04 46.81s/step 已用 2.08h 预计剩余 12.82h 显存峰值 4.26GB  ⚠ 超出物理显存
[2026-09-08 07:26:08] [进度] step 170/1146 (14.8%) loss=0.1724 lr=1.95e-04 46.80s/step 已用 2.21h 预计剩余 12.69h 显存峰值 4.26GB  ⚠ 超出物理显存
[2026-09-08 07:33:54] [进度] step 180/1146 (15.7%) loss=0.1575 lr=1.94e-04 46.79s/step 已用 2.34h 预计剩余 12.55h 显存峰值 4.26GB  ⚠ 超出物理显存
[2026-09-08 07:41:50] [进度] step 190/1146 (16.6%) loss=0.2089 lr=1.93e-04 46.83s/step 已用 2.47h 预计剩余 12.44h 显存峰值 4.26GB  ⚠ 超出物理显存
[2026-09-08 07:49:17] [进度] step 200/1146 (17.5%) loss=0.1607 lr=1.92e-04 46.73s/step 已用 2.60h 预计剩余 12.28h 显存峰值 4.26GB  ⚠ 超出物理显存
[2026-09-08 07:56:57] [进度] step 210/1146 (18.3%) loss=0.1601 lr=1.91e-04 46.69s/step 已用 2.72h 预计剩余 12.14h 显存峰值 4.26GB  ⚠ 超出物理显存
[2026-09-08 08:05:02] [进度] step 220/1146 (19.2%) loss=0.1656 lr=1.89e-04 46.77s/step 已用 2.86h 预计剩余 12.03h 显存峰值 4.26GB  ⚠ 超出物理显存
[2026-09-08 08:12:14] [进度] step 230/1146 (20.1%) loss=0.1516 lr=1.88e-04 46.62s/step 已用 2.98h 预计剩余 11.86h 显存峰值 4.26GB  ⚠ 超出物理显存
[2026-09-08 08:19:56] [进度] step 240/1146 (20.9%) loss=0.1366 lr=1.87e-04 46.60s/step 已用 3.11h 预计剩余 11.73h 显存峰值 4.26GB  ⚠ 超出物理显存
[2026-09-08 08:27:56] [进度] step 250/1146 (21.8%) loss=0.1363 lr=1.85e-04 46.66s/step 已用 3.24h 预计剩余 11.61h 显存峰值 4.26GB  ⚠ 超出物理显存
[2026-09-08 08:35:39] [进度] step 260/1146 (22.7%) loss=0.1108 lr=1.84e-04 46.65s/step 已用 3.37h 预计剩余 11.48h 显存峰值 4.26GB  ⚠ 超出物理显存
[2026-09-08 08:43:47] [进度] step 270/1146 (23.6%) loss=0.1328 lr=1.82e-04 46.72s/step 已用 3.50h 预计剩余 11.37h 显存峰值 4.26GB  ⚠ 超出物理显存
[2026-09-08 08:52:07] [进度] step 280/1146 (24.4%) loss=0.1249 lr=1.80e-04 46.84s/step 已用 3.64h 预计剩余 11.27h 显存峰值 4.26GB  ⚠ 超出物理显存
[2026-09-08 08:59:38] [进度] step 290/1146 (25.3%) loss=0.1028 lr=1.79e-04 46.78s/step 已用 3.77h 预计剩余 11.12h 显存峰值 4.26GB  ⚠ 超出物理显存
[2026-09-08 09:07:20] [进度] step 300/1146 (26.2%) loss=0.1285 lr=1.77e-04 46.76s/step 已用 3.90h 预计剩余 10.99h 显存峰值 4.26GB  ⚠ 超出物理显存
[2026-09-08 09:15:20] [进度] step 310/1146 (27.1%) loss=0.1020 lr=1.75e-04 46.80s/step 已用 4.03h 预计剩余 10.87h 显存峰值 4.26GB  ⚠ 超出物理显存
[2026-09-08 09:23:11] [进度] step 320/1146 (27.9%) loss=0.1159 lr=1.73e-04 46.81s/step 已用 4.16h 预计剩余 10.74h 显存峰值 4.26GB  ⚠ 超出物理显存
[2026-09-08 09:31:12] [进度] step 330/1146 (28.8%) loss=0.0916 lr=1.71e-04 46.85s/step 已用 4.29h 预计剩余 10.62h 显存峰值 4.26GB  ⚠ 超出物理显存
[2026-09-08 09:39:16] [进度] step 340/1146 (29.7%) loss=0.1178 lr=1.69e-04 46.89s/step 已用 4.43h 预计剩余 10.50h 显存峰值 4.26GB  ⚠ 超出物理显存
[2026-09-08 09:46:54] [进度] step 350/1146 (30.5%) loss=0.0983 lr=1.67e-04 46.86s/step 已用 4.56h 预计剩余 10.36h 显存峰值 4.26GB  ⚠ 超出物理显存
[2026-09-08 09:54:53] [进度] step 360/1146 (31.4%) loss=0.0991 lr=1.65e-04 46.89s/step 已用 4.69h 预计剩余 10.24h 显存峰值 4.26GB  ⚠ 超出物理显存
[2026-09-08 10:02:31] [进度] step 370/1146 (32.3%) loss=0.0724 lr=1.62e-04 46.86s/step 已用 4.82h 预计剩余 10.10h 显存峰值 4.26GB  ⚠ 超出物理显存
[2026-09-08 10:10:15] [进度] step 380/1146 (33.2%) loss=0.0818 lr=1.60e-04 46.85s/step 已用 4.95h 预计剩余 9.97h 显存峰值 4.26GB  ⚠ 超出物理显存
[2026-09-08 10:12:14] [验证] epoch 1.00 eval_loss=0.0886
[2026-09-08 10:18:30] [进度] step 390/1146 (34.0%) loss=0.0764 lr=1.58e-04 46.92s/step 已用 5.08h 预计剩余 9.85h 显存峰值 4.26GB  ⚠ 超出物理显存
[2026-09-08 10:27:06] [进度] step 400/1146 (34.9%) loss=0.0808 lr=1.55e-04 47.04s/step 已用 5.23h 预计剩余 9.75h 显存峰值 4.26GB  ⚠ 超出物理显存
[2026-09-08 10:34:53] [进度] step 410/1146 (35.8%) loss=0.1818 lr=1.53e-04 47.03s/step 已用 5.36h 预计剩余 9.61h 显存峰值 4.26GB  ⚠ 超出物理显存
[2026-09-08 10:42:57] [进度] step 420/1146 (36.6%) loss=0.0803 lr=1.50e-04 47.06s/step 已用 5.49h 预计剩余 9.49h 显存峰值 4.26GB  ⚠ 超出物理显存
[2026-09-08 10:50:14] [进度] step 430/1146 (37.5%) loss=0.0676 lr=1.48e-04 46.98s/step 已用 5.61h 预计剩余 9.34h 显存峰值 4.26GB  ⚠ 超出物理显存
[2026-09-08 10:57:51] [进度] step 440/1146 (38.4%) loss=0.0712 lr=1.45e-04 46.95s/step 已用 5.74h 预计剩余 9.21h 显存峰值 4.26GB  ⚠ 超出物理显存
[2026-09-08 11:05:48] [进度] step 450/1146 (39.3%) loss=0.0750 lr=1.43e-04 46.97s/step 已用 5.87h 预计剩余 9.08h 显存峰值 4.26GB  ⚠ 超出物理显存
[2026-09-08 11:13:30] [进度] step 460/1146 (40.1%) loss=0.0648 lr=1.40e-04 46.95s/step 已用 6.00h 预计剩余 8.95h 显存峰值 4.26GB  ⚠ 超出物理显存
[2026-09-08 11:20:58] [进度] step 470/1146 (41.0%) loss=0.0904 lr=1.37e-04 46.91s/step 已用 6.12h 预计剩余 8.81h 显存峰值 4.26GB  ⚠ 超出物理显存
[2026-09-08 11:28:28] [进度] step 480/1146 (41.9%) loss=0.0698 lr=1.35e-04 46.87s/step 已用 6.25h 预计剩余 8.67h 显存峰值 4.26GB  ⚠ 超出物理显存
[2026-09-08 11:36:03] [进度] step 490/1146 (42.8%) loss=0.0711 lr=1.32e-04 46.84s/step 已用 6.38h 预计剩余 8.54h 显存峰值 4.26GB  ⚠ 超出物理显存
[2026-09-08 11:44:11] [进度] step 500/1146 (43.6%) loss=0.0742 lr=1.29e-04 46.88s/step 已用 6.51h 预计剩余 8.41h 显存峰值 4.26GB  ⚠ 超出物理显存
[2026-09-08 11:52:02] [进度] step 510/1146 (44.5%) loss=0.0703 lr=1.27e-04 46.88s/step 已用 6.64h 预计剩余 8.28h 显存峰值 4.26GB  ⚠ 超出物理显存
[2026-09-08 11:59:45] [进度] step 520/1146 (45.4%) loss=0.0656 lr=1.24e-04 46.87s/step 已用 6.77h 预计剩余 8.15h 显存峰值 4.26GB  ⚠ 超出物理显存
[2026-09-08 12:07:37] [进度] step 530/1146 (46.2%) loss=0.0545 lr=1.21e-04 46.88s/step 已用 6.90h 预计剩余 8.02h 显存峰值 4.26GB  ⚠ 超出物理显存
[2026-09-08 12:15:09] [进度] step 540/1146 (47.1%) loss=0.0628 lr=1.18e-04 46.85s/step 已用 7.03h 预计剩余 7.89h 显存峰值 4.26GB  ⚠ 超出物理显存
[2026-09-08 12:23:17] [进度] step 550/1146 (48.0%) loss=0.0641 lr=1.15e-04 46.88s/step 已用 7.16h 预计剩余 7.76h 显存峰值 4.26GB  ⚠ 超出物理显存
[2026-09-08 12:31:19] [进度] step 560/1146 (48.9%) loss=0.0624 lr=1.12e-04 46.91s/step 已用 7.30h 预计剩余 7.64h 显存峰值 4.26GB  ⚠ 超出物理显存
[2026-09-08 12:39:19] [进度] step 570/1146 (49.7%) loss=0.0596 lr=1.10e-04 46.93s/step 已用 7.43h 预计剩余 7.51h 显存峰值 4.26GB  ⚠ 超出物理显存
[2026-09-08 12:47:21] [进度] step 580/1146 (50.6%) loss=0.0598 lr=1.07e-04 46.95s/step 已用 7.56h 预计剩余 7.38h 显存峰值 4.26GB  ⚠ 超出物理显存
[2026-09-08 12:55:05] [进度] step 590/1146 (51.5%) loss=0.0586 lr=1.04e-04 46.94s/step 已用 7.69h 预计剩余 7.25h 显存峰值 4.26GB  ⚠ 超出物理显存
[2026-09-08 13:03:04] [进度] step 600/1146 (52.4%) loss=0.0641 lr=1.01e-04 46.95s/step 已用 7.83h 预计剩余 7.12h 显存峰值 4.26GB  ⚠ 超出物理显存
[2026-09-08 13:11:10] [进度] step 610/1146 (53.2%) loss=0.0574 lr=9.80e-05 46.98s/step 已用 7.96h 预计剩余 6.99h 显存峰值 4.26GB  ⚠ 超出物理显存
[2026-09-08 13:19:07] [进度] step 620/1146 (54.1%) loss=0.0624 lr=9.51e-05 46.99s/step 已用 8.09h 预计剩余 6.87h 显存峰值 4.26GB  ⚠ 超出物理显存
[2026-09-08 13:27:01] [进度] step 630/1146 (55.0%) loss=0.0628 lr=9.22e-05 47.00s/step 已用 8.22h 预计剩余 6.74h 显存峰值 4.26GB  ⚠ 超出物理显存
[2026-09-08 13:34:55] [进度] step 640/1146 (55.8%) loss=0.0584 lr=8.93e-05 47.01s/step 已用 8.36h 预计剩余 6.61h 显存峰值 4.26GB  ⚠ 超出物理显存
[2026-09-08 13:42:28] [进度] step 650/1146 (56.7%) loss=0.0634 lr=8.65e-05 46.98s/step 已用 8.48h 预计剩余 6.47h 显存峰值 4.26GB  ⚠ 超出物理显存
[2026-09-08 13:49:51] [进度] step 660/1146 (57.6%) loss=0.0572 lr=8.36e-05 46.94s/step 已用 8.61h 预计剩余 6.34h 显存峰值 4.26GB  ⚠ 超出物理显存
[2026-09-08 13:57:30] [进度] step 670/1146 (58.5%) loss=0.0582 lr=8.08e-05 46.92s/step 已用 8.73h 预计剩余 6.20h 显存峰值 4.26GB  ⚠ 超出物理显存
[2026-09-08 14:04:56] [进度] step 680/1146 (59.3%) loss=0.0521 lr=7.79e-05 46.89s/step 已用 8.86h 预计剩余 6.07h 显存峰值 4.26GB  ⚠ 超出物理显存
[2026-09-08 14:13:02] [进度] step 690/1146 (60.2%) loss=0.0623 lr=7.51e-05 46.91s/step 已用 8.99h 预计剩余 5.94h 显存峰值 4.26GB  ⚠ 超出物理显存
[2026-09-08 14:20:35] [进度] step 700/1146 (61.1%) loss=0.0628 lr=7.24e-05 46.89s/step 已用 9.12h 预计剩余 5.81h 显存峰值 4.26GB  ⚠ 超出物理显存
[2026-09-08 14:28:08] [进度] step 710/1146 (62.0%) loss=0.0576 lr=6.96e-05 46.87s/step 已用 9.24h 预计剩余 5.68h 显存峰值 4.26GB  ⚠ 超出物理显存
[2026-09-08 14:35:50] [进度] step 720/1146 (62.8%) loss=0.0495 lr=6.69e-05 46.86s/step 已用 9.37h 预计剩余 5.54h 显存峰值 4.26GB  ⚠ 超出物理显存
[2026-09-08 14:43:37] [进度] step 730/1146 (63.7%) loss=0.0524 lr=6.41e-05 46.86s/step 已用 9.50h 预计剩余 5.41h 显存峰值 4.26GB  ⚠ 超出物理显存
[2026-09-08 14:51:20] [进度] step 740/1146 (64.6%) loss=0.0514 lr=6.15e-05 46.85s/step 已用 9.63h 预计剩余 5.28h 显存峰值 4.26GB  ⚠ 超出物理显存
[2026-09-08 14:59:23] [进度] step 750/1146 (65.4%) loss=0.0523 lr=5.88e-05 46.87s/step 已用 9.76h 预计剩余 5.16h 显存峰值 4.26GB  ⚠ 超出物理显存
[2026-09-08 15:07:34] [进度] step 760/1146 (66.3%) loss=0.0600 lr=5.62e-05 46.90s/step 已用 9.90h 预计剩余 5.03h 显存峰值 4.26GB  ⚠ 超出物理显存
[2026-09-08 15:11:07] [验证] epoch 2.00 eval_loss=0.0545
[2026-09-08 15:16:15] [进度] step 770/1146 (67.2%) loss=0.0506 lr=5.36e-05 46.96s/step 已用 10.05h 预计剩余 4.91h 显存峰值 4.26GB  ⚠ 超出物理显存
[2026-09-08 15:24:14] [进度] step 780/1146 (68.1%) loss=0.0500 lr=5.11e-05 46.98s/step 已用 10.18h 预计剩余 4.78h 显存峰值 4.26GB  ⚠ 超出物理显存
[2026-09-08 15:32:07] [进度] step 790/1146 (68.9%) loss=0.0447 lr=4.86e-05 46.98s/step 已用 10.31h 预计剩余 4.65h 显存峰值 4.26GB  ⚠ 超出物理显存
[2026-09-08 15:40:03] [进度] step 800/1146 (69.8%) loss=0.0536 lr=4.61e-05 46.99s/step 已用 10.44h 预计剩余 4.52h 显存峰值 4.26GB  ⚠ 超出物理显存
[2026-09-08 15:47:53] [进度] step 810/1146 (70.7%) loss=0.0557 lr=4.37e-05 46.99s/step 已用 10.57h 预计剩余 4.39h 显存峰值 4.26GB  ⚠ 超出物理显存
[2026-09-08 15:55:52] [进度] step 820/1146 (71.6%) loss=0.0528 lr=4.14e-05 47.00s/step 已用 10.71h 预计剩余 4.26h 显存峰值 4.26GB  ⚠ 超出物理显存
[2026-09-08 16:04:22] [进度] step 830/1146 (72.4%) loss=0.0497 lr=3.90e-05 47.05s/step 已用 10.85h 预计剩余 4.13h 显存峰值 4.26GB  ⚠ 超出物理显存
[2026-09-08 16:12:05] [进度] step 840/1146 (73.3%) loss=0.0460 lr=3.68e-05 47.04s/step 已用 10.98h 预计剩余 4.00h 显存峰值 4.26GB  ⚠ 超出物理显存
[2026-09-08 16:19:24] [进度] step 850/1146 (74.2%) loss=0.0482 lr=3.46e-05 47.00s/step 已用 11.10h 预计剩余 3.86h 显存峰值 4.26GB  ⚠ 超出物理显存
[2026-09-08 16:27:14] [进度] step 860/1146 (75.0%) loss=0.0505 lr=3.24e-05 47.00s/step 已用 11.23h 预计剩余 3.73h 显存峰值 4.26GB  ⚠ 超出物理显存
[2026-09-08 16:35:20] [进度] step 870/1146 (75.9%) loss=0.0444 lr=3.03e-05 47.02s/step 已用 11.36h 预计剩余 3.60h 显存峰值 4.26GB  ⚠ 超出物理显存
[2026-09-08 16:43:14] [进度] step 880/1146 (76.8%) loss=0.0483 lr=2.83e-05 47.03s/step 已用 11.50h 预计剩余 3.47h 显存峰值 4.26GB  ⚠ 超出物理显存
[2026-09-08 16:50:46] [进度] step 890/1146 (77.7%) loss=0.0489 lr=2.63e-05 47.00s/step 已用 11.62h 预计剩余 3.34h 显存峰值 4.26GB  ⚠ 超出物理显存
[2026-09-08 16:58:19] [进度] step 900/1146 (78.5%) loss=0.0527 lr=2.44e-05 46.99s/step 已用 11.75h 预计剩余 3.21h 显存峰值 4.26GB  ⚠ 超出物理显存
[2026-09-08 17:06:03] [进度] step 910/1146 (79.4%) loss=0.0473 lr=2.25e-05 46.98s/step 已用 11.88h 预计剩余 3.08h 显存峰值 4.26GB  ⚠ 超出物理显存
[2026-09-08 17:13:57] [进度] step 920/1146 (80.3%) loss=0.0443 lr=2.07e-05 46.98s/step 已用 12.01h 预计剩余 2.95h 显存峰值 4.26GB  ⚠ 超出物理显存
[2026-09-08 17:21:41] [进度] step 930/1146 (81.2%) loss=0.0467 lr=1.90e-05 46.98s/step 已用 12.14h 预计剩余 2.82h 显存峰值 4.26GB  ⚠ 超出物理显存
[2026-09-08 17:30:15] [进度] step 940/1146 (82.0%) loss=0.0498 lr=1.73e-05 47.02s/step 已用 12.28h 预计剩余 2.69h 显存峰值 4.26GB  ⚠ 超出物理显存
[2026-09-08 17:38:06] [进度] step 950/1146 (82.9%) loss=0.0551 lr=1.57e-05 47.03s/step 已用 12.41h 预计剩余 2.56h 显存峰值 4.26GB  ⚠ 超出物理显存
[2026-09-08 17:46:07] [进度] step 960/1146 (83.8%) loss=0.0499 lr=1.42e-05 47.04s/step 已用 12.54h 预计剩余 2.43h 显存峰值 4.26GB  ⚠ 超出物理显存
[2026-09-08 17:53:54] [进度] step 970/1146 (84.6%) loss=0.0522 lr=1.28e-05 47.03s/step 已用 12.67h 预计剩余 2.30h 显存峰值 4.26GB  ⚠ 超出物理显存
[2026-09-08 18:01:42] [进度] step 980/1146 (85.5%) loss=0.0459 lr=1.14e-05 47.03s/step 已用 12.80h 预计剩余 2.17h 显存峰值 4.26GB  ⚠ 超出物理显存
[2026-09-08 18:10:06] [进度] step 990/1146 (86.4%) loss=0.0515 lr=1.01e-05 47.07s/step 已用 12.94h 预计剩余 2.04h 显存峰值 4.26GB  ⚠ 超出物理显存
[2026-09-08 18:18:03] [进度] step 1000/1146 (87.3%) loss=0.0538 lr=8.87e-06 47.07s/step 已用 13.08h 预计剩余 1.91h 显存峰值 4.26GB  ⚠ 超出物理显存
[2026-09-08 18:26:03] [进度] step 1010/1146 (88.1%) loss=0.0468 lr=7.72e-06 47.08s/step 已用 13.21h 预计剩余 1.78h 显存峰值 4.26GB  ⚠ 超出物理显存
[2026-09-08 18:33:44] [进度] step 1020/1146 (89.0%) loss=0.0439 lr=6.65e-06 47.07s/step 已用 13.34h 预计剩余 1.65h 显存峰值 4.26GB  ⚠ 超出物理显存
[2026-09-08 18:41:32] [进度] step 1030/1146 (89.9%) loss=0.0440 lr=5.65e-06 47.07s/step 已用 13.47h 预计剩余 1.52h 显存峰值 4.26GB  ⚠ 超出物理显存
[2026-09-08 18:49:30] [进度] step 1040/1146 (90.8%) loss=0.0564 lr=4.74e-06 47.08s/step 已用 13.60h 预计剩余 1.39h 显存峰值 4.26GB  ⚠ 超出物理显存
[2026-09-08 18:57:35] [进度] step 1050/1146 (91.6%) loss=0.0516 lr=3.90e-06 47.09s/step 已用 13.73h 预计剩余 1.26h 显存峰值 4.26GB  ⚠ 超出物理显存
[2026-09-08 19:05:27] [进度] step 1060/1146 (92.5%) loss=0.0460 lr=3.14e-06 47.09s/step 已用 13.87h 预计剩余 1.12h 显存峰值 4.26GB  ⚠ 超出物理显存
[2026-09-08 19:13:22] [进度] step 1070/1146 (93.4%) loss=0.0460 lr=2.46e-06 47.09s/step 已用 14.00h 预计剩余 0.99h 显存峰值 4.26GB  ⚠ 超出物理显存
[2026-09-08 19:21:05] [进度] step 1080/1146 (94.2%) loss=0.0486 lr=1.87e-06 47.09s/step 已用 14.13h 预计剩余 0.86h 显存峰值 4.26GB  ⚠ 超出物理显存
[2026-09-08 19:29:00] [进度] step 1090/1146 (95.1%) loss=0.0470 lr=1.35e-06 47.09s/step 已用 14.26h 预计剩余 0.73h 显存峰值 4.26GB  ⚠ 超出物理显存
[2026-09-08 19:36:55] [进度] step 1100/1146 (96.0%) loss=0.0523 lr=9.19e-07 47.09s/step 已用 14.39h 预计剩余 0.60h 显存峰值 4.26GB  ⚠ 超出物理显存
[2026-09-08 19:44:38] [进度] step 1110/1146 (96.9%) loss=0.0463 lr=5.70e-07 47.09s/step 已用 14.52h 预计剩余 0.47h 显存峰值 4.26GB  ⚠ 超出物理显存
[2026-09-08 19:52:35] [进度] step 1120/1146 (97.7%) loss=0.0462 lr=3.04e-07 47.09s/step 已用 14.65h 预计剩余 0.34h 显存峰值 4.26GB  ⚠ 超出物理显存
[2026-09-08 20:00:32] [进度] step 1130/1146 (98.6%) loss=0.0511 lr=1.20e-07 47.10s/step 已用 14.78h 预计剩余 0.21h 显存峰值 4.26GB  ⚠ 超出物理显存
[2026-09-08 20:08:19] [进度] step 1140/1146 (99.5%) loss=0.0446 lr=2.04e-08 47.09s/step 已用 14.91h 预计剩余 0.08h 显存峰值 4.26GB  ⚠ 超出物理显存
[2026-09-08 20:13:25] [验证] epoch 3.00 eval_loss=0.0493
[2026-09-08 20:13:25] [训练] 完成，总耗时 15.00 小时
[2026-09-08 20:13:25] [产物] 保存 LoRA adapter 到 D:\py_HiuYaDu\finetune\output\lora_adapter
[2026-09-08 20:13:25] ------------------------------------------------------------------
[2026-09-08 20:13:25] [结果] 首个 loss=2.5121 → 末个 loss=0.0446
[2026-09-08 20:13:25] [结果] eval_loss=0.0886 @ epoch 1.00
[2026-09-08 20:13:25] [结果] eval_loss=0.0545 @ epoch 2.00
[2026-09-08 20:13:25] [结果] eval_loss=0.0493 @ epoch 3.00
[2026-09-08 20:13:25] [结果] 显存峰值 4.26GB
[2026-09-08 20:13:25] [结果] adapter: D:\py_HiuYaDu\finetune\output\lora_adapter
[2026-09-08 20:13:25] [下一步] 运行 python finetune/scripts/merge_lora.py 合并为 Safetensors（步骤 5/6）
